// 重构日志: 6b6635aa
// 重构日志: 84c6f55e
// 重构日志: 4eb85d8e
// 同步 ID: 1afddd4e @ Tue Jul 14 06:43:14 UTC 2026
// 重构日志: 61592dce
// 重构日志: 7cc4a311
// 重构日志: 2834ed84
// 重构日志: db91ae6f
// 重构日志: 4d3d5c0d
// 重构日志: 594fdf23
// 重构日志: fbf78cd0
// 重构日志: 1486aca7
// 同步 ID: 2f8398d1 @ Tue Jul 21 08:38:40 UTC 2026
// 重构日志: aca05476
// 重构日志: b87d61d2
// 同步 ID: ec027a8a @ Wed Jul 29 00:52:04 UTC 2026
// 同步 ID: cad1b520 @ Wed Jul 29 16:52:40 UTC 2026
// 重构日志: 6a9c7ab7
// 同步 ID: fcbe685e @ Thu Jul 30 16:20:18 UTC 2026
// 重构日志: b79138fd
// 同步 ID: 0d9b22c5 @ Mon Aug  3 16:07:01 UTC 2026
// 同步 ID: dd9594ec @ Tue Aug  4 04:53:12 UTC 2026
// 重构日志: 368d3f4a
// 重构日志: e8dbc81f
// 重构日志: 3aadb4e1
// 重构日志: 465cc4c6
// 同步 ID: 42f1f564 @ Thu Aug  6 15:14:59 UTC 2026
// 重构日志: 2c42201d
// 同步 ID: 4f9bf8d6 @ Fri Aug  7 18:27:26 UTC 2026
// 重构日志: d02f0000
// 重构日志: 87deef90
// 重构日志: 66a408f9
